
==========================================================
  AS-0  —  32-bit weights, 32-bit activations
==========================================================
  device        mps
  parameters    815,488
  vocab         90
  context       128
  train tokens  8,827,276
  exported size 3.1 MB
==========================================================

  iter     0  train 4.5396  val 4.5426  lr 9.90e-06      2s *
  iter   250  train 2.5947  val 2.5900  lr 9.98e-04     22s *
  iter   500  train 2.3268  val 2.3106  lr 9.85e-04     41s *
  iter   750  train 2.0984  val 2.0776  lr 9.61e-04     59s *
  iter  1000  train 1.9633  val 1.9550  lr 9.27e-04     78s *
  iter  1250  train 1.8606  val 1.8716  lr 8.83e-04     96s *
  iter  1500  train 1.7806  val 1.8435  lr 8.31e-04    115s *
  iter  1750  train 1.7674  val 1.8033  lr 7.71e-04    133s *
  iter  2000  train 1.7259  val 1.7784  lr 7.05e-04    152s *
  iter  2250  train 1.6946  val 1.7364  lr 6.36e-04    170s *
  iter  2500  train 1.6632  val 1.7293  lr 5.64e-04    188s *
  iter  2750  train 1.6477  val 1.7098  lr 4.92e-04    207s *
  iter  3000  train 1.6124  val 1.6989  lr 4.22e-04    225s *
  iter  3250  train 1.6223  val 1.6812  lr 3.55e-04    244s *
  iter  3500  train 1.5949  val 1.6762  lr 2.93e-04    262s *
  iter  3750  train 1.5739  val 1.6593  lr 2.37e-04    281s *
  iter  4000  train 1.5794  val 1.6529  lr 1.89e-04    299s *
  iter  4250  train 1.5525  val 1.6424  lr 1.51e-04    318s *
  iter  4500  train 1.5410  val 1.6461  lr 1.23e-04    337s
  iter  4750  train 1.5589  val 1.6441  lr 1.06e-04    356s
  iter  5000  train 1.5567  val 1.6494  lr 1.00e-04    377s

  best val loss  1.6424
  saved          checkpoints/AS-0.pt

  try it:  python generate.py AS-0 --prompt 'hello'


==========================================================
  AS-4  —  1-bit weights, 32-bit activations
==========================================================
  device        mps
  parameters    819,072
  vocab         90
  context       128
  train tokens  8,827,276
  exported size 168.8 KB
==========================================================

  iter     0  train 4.5483  val 4.5536  lr 1.98e-05      2s *
  iter   250  train 2.6702  val 2.7030  lr 2.00e-03     25s *
  iter   500  train 2.4296  val 2.4366  lr 1.97e-03     49s *
  iter   750  train 2.1755  val 2.1487  lr 1.92e-03     72s *
  iter  1000  train 2.0301  val 1.9879  lr 1.85e-03     96s *
  iter  1250  train 1.9509  val 1.9322  lr 1.75e-03    119s *
  iter  1500  train 1.8665  val 1.9155  lr 1.64e-03    142s *
  iter  1750  train 1.8814  val 1.8997  lr 1.52e-03    165s *
  iter  2000  train 1.8438  val 1.8666  lr 1.38e-03    188s *
  iter  2250  train 1.8256  val 1.8443  lr 1.23e-03    211s *
  iter  2500  train 1.8107  val 1.8395  lr 1.08e-03    234s *
  iter  2750  train 1.7853  val 1.8161  lr 9.29e-04    258s *
  iter  3000  train 1.7611  val 1.8151  lr 7.80e-04    281s *
  iter  3250  train 1.7708  val 1.7934  lr 6.38e-04    305s *
  iter  3500  train 1.7449  val 1.7924  lr 5.06e-04    328s *
  iter  3750  train 1.7297  val 1.7667  lr 3.89e-04    351s *
  iter  4000  train 1.7279  val 1.7680  lr 2.89e-04    375s
  iter  4250  train 1.6952  val 1.7562  lr 2.08e-04    398s *
  iter  4500  train 1.6918  val 1.7556  lr 1.48e-04    421s *
  iter  4750  train 1.7072  val 1.7557  lr 1.12e-04    444s
  iter  5000  train 1.7069  val 1.7645  lr 1.00e-04    468s

  best val loss  1.7556
  saved          checkpoints/AS-4.pt

  try it:  python generate.py AS-4 --prompt 'hello'

TRAIN EXIT=0
